Collecting torch
  Downloading torch-2.13.0-cp310-cp310-win_amd64.whl (122.0 MB)
     -------------------------------------- 122.0/122.0 MB 3.0 MB/s eta 0:00:00
Collecting transformers
  Downloading transformers-5.13.0-py3-none-any.whl (11.5 MB)
     ---------------------------------------- 11.5/11.5 MB 4.0 MB/s eta 0:00:00
Collecting jinja2
  Downloading jinja2-3.1.6-py3-none-any.whl (134 kB)
     -------------------------------------- 134.9/134.9 kB 4.0 MB/s eta 0:00:00
Collecting fsspec>=0.8.5
  Downloading fsspec-2026.6.0-py3-none-any.whl (203 kB)
     -------------------------------------- 203.9/203.9 kB 4.2 MB/s eta 0:00:00
Collecting setuptools>=77.0.3
  Downloading setuptools-83.0.0-py3-none-any.whl (1.0 MB)
     ---------------------------------------- 1.0/1.0 MB 5.3 MB/s eta 0:00:00
Collecting filelock
  Downloading filelock-3.29.7-py3-none-any.whl (46 kB)
     ---------------------------------------- 46.0/46.0 kB 2.2 MB/s eta 0:00:00
Collecting sympy>=1.13.3
  Downloading sympy-1.14.0-py3-none-any.whl (6.3 MB)
     ---------------------------------------- 6.3/6.3 MB 5.7 MB/s eta 0:00:00
Requirement already satisfied: typing-extensions>=4.10.0 in c:\users\ani\appdata\local\programs\python\python310\lib\site-packages (from torch) (4.16.0)
Collecting networkx>=2.5.1
  Downloading networkx-3.4.2-py3-none-any.whl (1.7 MB)
     ---------------------------------------- 1.7/1.7 MB 6.1 MB/s eta 0:00:00
Requirement already satisfied: numpy>=1.17 in c:\users\ani\appdata\local\programs\python\python310\lib\site-packages (from transformers) (2.2.6)
Collecting safetensors>=0.8.0
  Downloading safetensors-0.8.0-cp310-abi3-win_amd64.whl (355 kB)
     -------------------------------------- 355.5/355.5 kB 5.5 MB/s eta 0:00:00
Collecting huggingface-hub<2.0,>=1.5.0
  Downloading huggingface_hub-1.23.0-py3-none-any.whl (770 kB)
     -------------------------------------- 770.3/770.3 kB 5.4 MB/s eta 0:00:00
Collecting tokenizers<=0.23.0,>=0.22.0
  Downloading tokenizers-0.22.2-cp39-abi3-win_amd64.whl (2.7 MB)
     ---------------------------------------- 2.7/2.7 MB 6.3 MB/s eta 0:00:00
Collecting packaging>=20.0
  Downloading packaging-26.2-py3-none-any.whl (100 kB)
     ---------------------------------------- 100.2/100.2 kB ? eta 0:00:00
Collecting regex>=2025.10.22
  Downloading regex-2026.6.28-cp310-cp310-win_amd64.whl (277 kB)
     -------------------------------------- 277.9/277.9 kB 5.7 MB/s eta 0:00:00
Requirement already satisfied: pyyaml>=5.1 in c:\users\ani\appdata\local\programs\python\python310\lib\site-packages (from transformers) (6.0.3)
Collecting tqdm>=4.60
  Downloading tqdm-4.68.4-py3-none-any.whl (676 kB)
     -------------------------------------- 676.6/676.6 kB 6.1 MB/s eta 0:00:00
Collecting typer
  Downloading typer-0.26.8-py3-none-any.whl (122 kB)
     -------------------------------------- 122.6/122.6 kB 7.5 MB/s eta 0:00:00
Collecting httpx<1,>=0.23.0
  Downloading httpx-0.28.1-py3-none-any.whl (73 kB)
     ---------------------------------------- 73.5/73.5 kB 4.0 MB/s eta 0:00:00
Requirement already satisfied: click<9.0.0,>=8.4.2 in c:\users\ani\appdata\local\programs\python\python310\lib\site-packages (from huggingface-hub<2.0,>=1.5.0->transformers) (8.4.2)
Collecting hf-xet<2.0.0,>=1.5.1
  Downloading hf_xet-1.5.1-cp37-abi3-win_amd64.whl (4.0 MB)
     ---------------------------------------- 4.0/4.0 MB 6.8 MB/s eta 0:00:00
Collecting mpmath<1.4,>=1.1.0
  Downloading mpmath-1.3.0-py3-none-any.whl (536 kB)
     -------------------------------------- 536.2/536.2 kB 6.7 MB/s eta 0:00:00
Requirement already satisfied: colorama in c:\users\ani\appdata\local\programs\python\python310\lib\site-packages (from tqdm>=4.60->transformers) (0.4.6)
Collecting MarkupSafe>=2.0
  Downloading markupsafe-3.0.3-cp310-cp310-win_amd64.whl (15 kB)
Requirement already satisfied: rich>=13.8.0 in c:\users\ani\appdata\local\programs\python\python310\lib\site-packages (from typer->transformers) (15.0.0)
Collecting shellingham>=1.3.0
  Downloading shellingham-1.5.4-py2.py3-none-any.whl (9.8 kB)
Collecting annotated-doc>=0.0.2
  Downloading annotated_doc-0.0.4-py3-none-any.whl (5.3 kB)
Requirement already satisfied: anyio in c:\users\ani\appdata\local\programs\python\python310\lib\site-packages (from httpx<1,>=0.23.0->huggingface-hub<2.0,>=1.5.0->transformers) (4.14.1)
Collecting httpcore==1.*
  Downloading httpcore-1.0.9-py3-none-any.whl (78 kB)
     ---------------------------------------- 78.8/78.8 kB 4.6 MB/s eta 0:00:00
Requirement already satisfied: idna in c:\users\ani\appdata\local\programs\python\python310\lib\site-packages (from httpx<1,>=0.23.0->huggingface-hub<2.0,>=1.5.0->transformers) (3.18)
Requirement already satisfied: certifi in c:\users\ani\appdata\local\programs\python\python310\lib\site-packages (from httpx<1,>=0.23.0->huggingface-hub<2.0,>=1.5.0->transformers) (2026.6.17)
Requirement already satisfied: h11>=0.16 in c:\users\ani\appdata\local\programs\python\python310\lib\site-packages (from httpcore==1.*->httpx<1,>=0.23.0->huggingface-hub<2.0,>=1.5.0->transformers) (0.16.0)
Requirement already satisfied: pygments<3.0.0,>=2.13.0 in c:\users\ani\appdata\local\programs\python\python310\lib\site-packages (from rich>=13.8.0->typer->transformers) (2.20.0)
Requirement already satisfied: markdown-it-py>=2.2.0 in c:\users\ani\appdata\local\programs\python\python310\lib\site-packages (from rich>=13.8.0->typer->transformers) (4.2.0)
Requirement already satisfied: mdurl~=0.1 in c:\users\ani\appdata\local\programs\python\python310\lib\site-packages (from markdown-it-py>=2.2.0->rich>=13.8.0->typer->transformers) (0.1.2)
Requirement already satisfied: exceptiongroup>=1.0.2 in c:\users\ani\appdata\local\programs\python\python310\lib\site-packages (from anyio->httpx<1,>=0.23.0->huggingface-hub<2.0,>=1.5.0->transformers) (1.3.1)
Installing collected packages: mpmath, tqdm, sympy, shellingham, setuptools, safetensors, regex, packaging, networkx, MarkupSafe, httpcore, hf-xet, fsspec, filelock, annotated-doc, jinja2, typer, torch, httpx, huggingface-hub, tokenizers, transformers
  Attempting uninstall: setuptools
    Found existing installation: setuptools 63.2.0
    Uninstalling setuptools-63.2.0:
      Successfully uninstalled setuptools-63.2.0
Successfully installed MarkupSafe-3.0.3 annotated-doc-0.0.4 filelock-3.29.7 fsspec-2026.6.0 hf-xet-1.5.1 httpcore-1.0.9 httpx-0.28.1 huggingface-hub-1.23.0 jinja2-3.1.6 mpmath-1.3.0 networkx-3.4.2 packaging-26.2 regex-2026.6.28 safetensors-0.8.0 setuptools-83.0.0 shellingham-1.5.4 sympy-1.14.0 tokenizers-0.22.2 torch-2.13.0 tqdm-4.68.4 transformers-5.13.0 typer-0.26.8
EXIT=0
